../Custom/mgr_can.c:75:6:can_forceUnsupportedPid	0	static
../Custom/mgr_can.c:140:6:can_isBusAlive	0	static
../Custom/mgr_can.c:153:6:can_isFastPID	0	static
../Custom/mgr_can.c:204:6:HAL_FDCAN_RxFifo0Callback	8	static
../Custom/mgr_can.c:242:6:can_DataProcessingEGT	0	static
../Custom/mgr_can.c:251:6:can_DataProcessing	0	static
../Custom/mgr_can.c:300:6:can_onDataReceivedTurnon	0	static
../Custom/mgr_can.c:321:6:can_processSupportedPIDs	8	static
../Custom/mgr_can.c:355:6:can_onDataReceived	0	static
../Custom/mgr_can.c:440:6:can_isPIDValid	0	static
../Custom/mgr_can.c:469:6:can_sendRequest	24	static
../Custom/mgr_can.c:553:6:can_sendTurnOnRequest	4	static
../Custom/mgr_can.c:583:6:can_init	8	static
../Custom/mgr_can.c:602:6:can_timingloop	0	static
../Custom/mgr_can.c:661:6:can_mainloop	24	static
