../Custom/mgr_can.c:73:6:can_forceUnsupportedPid	0	static
../Custom/mgr_can.c:136:6:can_isBusAlive	0	static
../Custom/mgr_can.c:149:6:can_isFastPID	0	static
../Custom/mgr_can.c:200:6:HAL_FDCAN_RxFifo0Callback	8	static
../Custom/mgr_can.c:238:6:can_DataProcessing	0	static
../Custom/mgr_can.c:287:6:can_onDataReceivedTurnon	0	static
../Custom/mgr_can.c:308:6:can_processSupportedPIDs	8	static
../Custom/mgr_can.c:341:6:can_onDataReceived	0	static
../Custom/mgr_can.c:418:6:can_isPIDValid	0	static
../Custom/mgr_can.c:447:6:can_sendRequest	24	static
../Custom/mgr_can.c:531:6:can_sendTurnOnRequest	4	static
../Custom/mgr_can.c:561:6:can_init	8	static
../Custom/mgr_can.c:580:6:can_timingloop	0	static
../Custom/mgr_can.c:639:6:can_mainloop	24	static
