../Custom/mgr_can.c:40:6:can_forceUnsupportedPid	0	static
../Custom/mgr_can.c:47:6:can_isBusAlive	0	static
../Custom/mgr_can.c:60:6:can_isFastPID	0	static
../Custom/mgr_can.c:86:6:can_isPidValid	0	static
../Custom/mgr_can.c:108:6:HAL_FDCAN_RxFifo0Callback	8	static
../Custom/mgr_can.c:138:6:can_DataProcessing	0	static
../Custom/mgr_can.c:187:6:can_onDataReceivedTurnon	8	static
../Custom/mgr_can.c:208:6:can_onDataReceived	4	static
../Custom/mgr_can.c:229:6:can_sendRequest	8	static
../Custom/mgr_can.c:273:6:can_sendTurnOnRequest	4	static
../Custom/mgr_can.c:303:6:can_init	8	static
../Custom/mgr_can.c:320:6:can_timingloop	8	static
../Custom/mgr_can.c:383:6:can_mainloop	8	static
