../Custom/mgr_can.c:40:6:can_forceUnsupportedPid	0	static
../Custom/mgr_can.c:47:6:can_isBusAlive	0	static
../Custom/mgr_can.c:60:6:can_isPidValid	0	static
../Custom/mgr_can.c:80:6:HAL_FDCAN_RxFifo0Callback	8	static
../Custom/mgr_can.c:110:6:can_DataProcessing	0	static
../Custom/mgr_can.c:159:6:can_onDataReceivedTurnon	8	static
../Custom/mgr_can.c:180:6:can_onDataReceived	4	static
../Custom/mgr_can.c:201:6:can_sendRequest	8	static
../Custom/mgr_can.c:232:6:can_sendTurnOnRequest	4	static
../Custom/mgr_can.c:262:6:can_init	8	static
../Custom/mgr_can.c:279:6:can_timingloop	8	static
../Custom/mgr_can.c:338:6:can_mainloop	8	static
