../Custom/mgr_can.c:104:6:can_forceUnsupportedPid	0	static
../Custom/mgr_can.c:169:6:can_isBusAlive	0	static
../Custom/mgr_can.c:182:6:can_isFastPID	0	static
../Custom/mgr_can.c:233:6:HAL_FDCAN_RxFifo0Callback	8	static
../Custom/mgr_can.c:278:6:can_DataProcessing	0	static
../Custom/mgr_can.c:327:6:can_onDataReceivedTurnon	0	static
../Custom/mgr_can.c:348:6:can_processSupportedPIDs	8	static
../Custom/mgr_can.c:381:6:can_onDataReceived	8	static
../Custom/mgr_can.c:444:6:can_onDataReceived_Old	0	static
../Custom/mgr_can.c:521:6:can_isPIDValid	0	static
../Custom/mgr_can.c:551:6:can_sendRequest	8	static
../Custom/mgr_can.c:612:6:can_sendRequest_Old	72	static
../Custom/mgr_can.c:696:6:can_sendTurnOnRequest	4	static
../Custom/mgr_can.c:726:6:can_init	8	static
../Custom/mgr_can.c:745:6:can_timingloop	0	static
../Custom/mgr_can.c:804:6:can_mainloop	24	static
