../Custom/mgr_can.c:42:6:can_forceUnsupportedPid	0	static
../Custom/mgr_can.c:49:6:can_isBusAlive	0	static
../Custom/mgr_can.c:62:6:can_isFastPID	0	static
../Custom/mgr_can.c:88:6:can_isPidValid	0	static
../Custom/mgr_can.c:110:6:HAL_FDCAN_RxFifo0Callback	8	static
../Custom/mgr_can.c:140:6:can_DataProcessing	0	static
../Custom/mgr_can.c:189:6:can_onDataReceivedTurnon	8	static
../Custom/mgr_can.c:210:6:can_onDataReceived	4	static
../Custom/mgr_can.c:231:6:can_sendRequest	8	static
../Custom/mgr_can.c:275:6:can_sendTurnOnRequest	4	static
../Custom/mgr_can.c:305:6:can_init	8	static
../Custom/mgr_can.c:322:6:can_timingloop	8	static
../Custom/mgr_can.c:390:6:can_mainloop	8	static
