../Custom/mgr_can.c:105:6:can_forceUnsupportedPid	0	static
../Custom/mgr_can.c:170:6:can_isBusAlive	0	static
../Custom/mgr_can.c:183:6:can_isFastPID	0	static
../Custom/mgr_can.c:234:6:HAL_FDCAN_RxFifo0Callback	8	static
../Custom/mgr_can.c:299:6:can_DataProcessing	0	static
../Custom/mgr_can.c:348:6:can_onDataReceivedTurnon	0	static
../Custom/mgr_can.c:369:6:can_processSupportedPIDs	4	static
../Custom/mgr_can.c:423:6:can_onDataReceived	24	static
../Custom/mgr_can.c:521:6:can_onDataReceived_Old	0	static
../Custom/mgr_can.c:598:6:can_isPIDValid	0	static
../Custom/mgr_can.c:628:6:can_sendRequest	8	static
../Custom/mgr_can.c:709:6:can_sendRequest_Old	0	static
../Custom/mgr_can.c:793:6:can_sendTurnOnRequest	4	static
../Custom/mgr_can.c:823:6:can_init	8	static
../Custom/mgr_can.c:842:6:can_timingloop	0	static
../Custom/mgr_can.c:901:6:can_mainloop	16	static
