../Custom/mgr_can.c:74:6:can_forceUnsupportedPid	0	static
../Custom/mgr_can.c:137:6:can_isBusAlive	0	static
../Custom/mgr_can.c:150:6:can_isFastPID	0	static
../Custom/mgr_can.c:201:6:HAL_FDCAN_RxFifo0Callback	8	static
../Custom/mgr_can.c:239:6:can_DataProcessing	0	static
../Custom/mgr_can.c:288:6:can_onDataReceivedTurnon	0	static
../Custom/mgr_can.c:309:6:can_processSupportedPIDs	8	static
../Custom/mgr_can.c:342:6:can_onDataReceived	0	static
../Custom/mgr_can.c:419:6:can_isPIDValid	0	static
../Custom/mgr_can.c:448:6:can_sendRequest	72	static
../Custom/mgr_can.c:532:6:can_sendTurnOnRequest	4	static
../Custom/mgr_can.c:562:6:can_init	8	static
../Custom/mgr_can.c:581:6:can_timingloop	0	static
../Custom/mgr_can.c:640:6:can_mainloop	24	static
