../Custom/mgr_can.c:104:6:can_forceUnsupportedPid	0	static
../Custom/mgr_can.c:169:6:can_isBusAlive	0	static
../Custom/mgr_can.c:182:6:can_isFastPID	0	static
../Custom/mgr_can.c:233:6:HAL_FDCAN_RxFifo0Callback	8	static
../Custom/mgr_can.c:298:6:can_DataProcessing	0	static
../Custom/mgr_can.c:347:6:can_onDataReceivedTurnon	0	static
../Custom/mgr_can.c:368:6:can_processSupportedPIDs	4	static
../Custom/mgr_can.c:422:6:can_onDataReceived	12	static
../Custom/mgr_can.c:492:6:can_onDataReceived_Old	0	static
../Custom/mgr_can.c:569:6:can_isPIDValid	0	static
../Custom/mgr_can.c:599:6:can_sendRequest	8	static
../Custom/mgr_can.c:680:6:can_sendRequest_Old	0	static
../Custom/mgr_can.c:764:6:can_sendTurnOnRequest	4	static
../Custom/mgr_can.c:794:6:can_init	8	static
../Custom/mgr_can.c:813:6:can_timingloop	0	static
../Custom/mgr_can.c:872:6:can_mainloop	16	static
