../Custom/mgr_can.c:105:6:can_forceUnsupportedPid	0	static
../Custom/mgr_can.c:170:6:can_isBusAlive	0	static
../Custom/mgr_can.c:183:7:can_getActualAFR	8	static
../Custom/mgr_can.c:187:7:can_getTargetAFR	8	static
../Custom/mgr_can.c:192:7:can_getCoolantTemp	0	static
../Custom/mgr_can.c:196:7:can_getEngineOilTemp	8	static
../Custom/mgr_can.c:204:7:can_getTransFluidTemp	0	static
../Custom/mgr_can.c:212:7:can_getExhaustGasTemp	8	static
../Custom/mgr_can.c:218:7:can_GetIgnAdvance	8	static
../Custom/mgr_can.c:223:7:can_GetIntakeAirTemp	0	static
../Custom/mgr_can.c:230:6:can_isFastPID	0	static
../Custom/mgr_can.c:281:6:HAL_FDCAN_RxFifo0Callback	8	static
../Custom/mgr_can.c:346:6:can_DataProcessing	0	static
../Custom/mgr_can.c:395:6:can_onDataReceivedTurnon	0	static
../Custom/mgr_can.c:416:6:can_processSupportedPIDs	4	static
../Custom/mgr_can.c:470:6:can_onDataReceived	24	static
../Custom/mgr_can.c:568:6:can_onDataReceived_Old	0	static
../Custom/mgr_can.c:645:6:can_isPIDValid	0	static
../Custom/mgr_can.c:675:6:can_sendRequest	8	static
../Custom/mgr_can.c:756:6:can_sendRequest_Old	0	static
../Custom/mgr_can.c:840:6:can_sendTurnOnRequest	4	static
../Custom/mgr_can.c:870:6:can_init	8	static
../Custom/mgr_can.c:889:6:can_timingloop	0	static
../Custom/mgr_can.c:948:6:can_mainloop	16	static
