../Custom/mgr_can.c:74:6:can_forceUnsupportedPid	0	static
../Custom/mgr_can.c:139:6:can_isBusAlive	0	static
../Custom/mgr_can.c:152:6:can_isFastPID	0	static
../Custom/mgr_can.c:203:6:HAL_FDCAN_RxFifo0Callback	8	static
../Custom/mgr_can.c:241:6:can_DataProcessing	0	static
../Custom/mgr_can.c:290:6:can_onDataReceivedTurnon	0	static
../Custom/mgr_can.c:311:6:can_processSupportedPIDs	8	static
../Custom/mgr_can.c:344:6:can_onDataReceived	0	static
../Custom/mgr_can.c:421:6:can_isPIDValid	0	static
../Custom/mgr_can.c:450:6:can_sendRequest	72	static
../Custom/mgr_can.c:534:6:can_sendTurnOnRequest	4	static
../Custom/mgr_can.c:564:6:can_init	8	static
../Custom/mgr_can.c:583:6:can_timingloop	0	static
../Custom/mgr_can.c:642:6:can_mainloop	24	static
